================================================================================
娴嬭瘯鐢熻倴TOP4鎶曟敞绛栫暐 - 鏈€杩?00鏈熷拰2026骞寸粺璁?
================================================================================

鉁?鏁版嵁鍔犺浇瀹屾垚: 388鏈?
鏁版嵁鑼冨洿: 2025/2/1 ~ 2026/2/25

寮€濮嬪洖娴嬪垎鏋? 200鏈?
璧峰绱㈠紩: 188 (2025/8/10)

鉁?鍥炴祴瀹屾垚

================================================================================
鎬讳綋鍥炴祴缁撴灉
================================================================================
娴嬭瘯鏈熸暟: 200鏈?
鍛戒腑娆℃暟: 85/200 = 42.50%
鎬绘姇鍏? 3200鍏?
鍑€鏀剁泭: +710鍏?
鎶曡祫鍥炴姤鐜? +22.19%

================================================================================
馃搱 鏈€杩?00鏈熻〃鐜板垎鏋?
================================================================================
鍛戒腑娆℃暟: 50/100 = 50.00%
鎬绘姇鍏? 1600鍏?
鎬讳腑濂? 2300鍏?
鍑€鏀剁泭: +700鍏?
鎶曡祫鍥炴姤鐜? +43.75%
鏈€澶ц繛缁懡涓? 6鏈?
鏈€澶ц繛缁湭涓? 9鏈?

================================================================================
馃搵 鏈€杩?00鏈熻缁嗗懡涓褰?
================================================================================
鏈熷彿     鏃ユ湡           瀹為檯鐢熻倴     棰勬祴TOP4                         缁撴灉    
--------------------------------------------------------------------------------
1      2025/11/18   缇?       鐚? 鍏? 鐙? 楦?                    鉁?鏈腑  
2      2025/11/19   楦?       鐚? 鐚? 鍏? 楦?                    鉁?涓?  
3      2025/11/20   鍏?       鐚? 鐚? 铔? 榫?                    鉁?鏈腑  
4      2025/11/21   铏?       鐚? 鐚? 铔? 榫?                    鉁?鏈腑  
5      2025/11/22   鐚?       鐚? 鐚? 榫? 铔?                    鉁?涓?  
6      2025/11/23   铔?       鐚? 鐗? 榫? 铔?                    鉁?涓?  
7      2025/11/24   鍏?       鐙? 鐚? 鐗? 榫?                    鉁?鏈腑  
8      2025/11/25   鐗?       鐙? 鐚? 鐗? 榫?                    鉁?涓?  
9      2025/11/26   椹?       鐙? 鐚? 榫? 椹?                    鉁?涓?  
10     2025/11/27   榫?       鐙? 鐚? 榫? 鐚?                    鉁?涓?  
11     2025/11/28   榫?       鐙? 鐚? 鐚? 榧?                    鉁?鏈腑  
12     2025/11/29   榧?       鐚? 鐙? 鐚? 榧?                    鉁?涓?  
13     2025/11/30   鐚?       鐚? 鐙? 楦? 鐚?                    鉁?涓?  
14     2025/12/1    鐙?       鐙? 楦? 椹? 鐚?                    鉁?涓?  
15     2025/12/2    鐗?       楦? 椹? 鐚? 鐗?                    鉁?涓?  
16     2025/12/3    楦?       楦? 鐚? 鐚? 椹?                    鉁?涓?  
17     2025/12/4    鐙?       鐚? 鐚? 鐙? 铔?                    鉁?涓?  
18     2025/12/5    椹?       鐚? 鍏? 鐚? 鐗?                    鉁?鏈腑  
19     2025/12/6    铏?       鐚? 铔? 鍏? 鐚?                    鉁?鏈腑  
20     2025/12/7    榧?       鐚? 鍏? 铔? 鐚?                    鉁?鏈腑  
21     2025/12/8    铏?       铔? 鐚? 鍏? 鐚?                    鉁?鏈腑  
22     2025/12/9    榫?       铔? 鐚? 鍏? 鐗?                    鉁?鏈腑  
23     2025/12/10   鍏?       铔? 鐚? 鍏? 鐗?                    鉁?涓?  
24     2025/12/11   椹?       缇? 铔? 鐚? 鐚?                    鉁?鏈腑  
25     2025/12/12   鍏?       缇? 铔? 鐚? 鐚?                    鉁?鏈腑  
26     2025/12/13   铔?       鐚? 鐚? 缇? 铔?                    鉁?涓?  
27     2025/12/14   铏?       鐚? 鐚? 缇? 鐗?                    鉁?鏈腑  
28     2025/12/15   鐚?       鐚? 鐚? 缇? 鐗?                    鉁?涓?  
29     2025/12/16   铔?       鐚? 缇? 鐗? 楦?                    鉁?鏈腑  
30     2025/12/17   铏?       鐚? 缇? 鐙? 鐗?                    鉁?鏈腑  
31     2025/12/18   鐙?       缇? 鐚? 鐙? 楦?                    鉁?涓?  
32     2025/12/19   铔?       缇? 鐚? 榧? 鐗?                    鉁?鏈腑  
33     2025/12/20   榧?       缇? 鐚? 楦? 榧?                    鉁?涓?  
34     2025/12/21   鐙?       缇? 鐚? 楦? 鐗?                    鉁?鏈腑  
35     2025/12/22   椹?       缇? 鐚? 楦? 鐗?                    鉁?鏈腑  
36     2025/12/23   铔?       缇? 鐚? 鐗? 楦?                    鉁?鏈腑  
37     2025/12/24   鐚?       缇? 鐚? 楦? 鐗?                    鉁?涓?  
38     2025/12/25   缇?       缇? 楦? 鐗? 鍏?                    鉁?涓?  
39     2025/12/26   鐗?       鐗? 楦? 鍏? 鐚?                    鉁?涓?  
40     2025/12/27   椹?       楦? 鍏? 鐚? 鐚?                    鉁?鏈腑  
41     2025/12/28   缇?       楦? 鍏? 鐚? 缇?                    鉁?涓?  
42     2025/12/29   榫?       楦? 榫? 鍏? 鐚?                    鉁?涓?  
43     2025/12/30   椹?       楦? 鍏? 鐚? 鐚?                    鉁?鏈腑  
44     2025/12/31   榫?       楦? 鐚? 鐚? 鍏?                    鉁?鏈腑  
45     2026/1/1     鐗?       楦? 鐚? 鐚? 鍏?                    鉁?鏈腑  
46     2026/1/2     鐚?       楦? 鍏? 鐚? 榧?                    鉁?涓?  
47     2026/1/3     楦?       楦? 鍏? 榧? 缇?                    鉁?涓?  
48     2026/1/4     楦?       鍏? 鐙? 鐚? 榧?                    鉁?鏈腑  
49     2026/1/5     鐚?       鍏? 鐙? 鐚? 榧?                    鉁?涓?  
50     2026/1/6     铔?       鍏? 鐙? 榧? 鐗?                    鉁?鏈腑  
51     2026/1/7     鐗?       榧? 鍏? 鐙? 鐗?                    鉁?涓?  
52     2026/1/8     楦?       铏? 榧? 鍏? 缇?                    鉁?鏈腑  
53     2026/1/9     铏?       铏? 榧? 鍏? 缇?                    鉁?涓?  
54     2026/1/10    鍏?       榧? 鍏? 缇? 鐙?                    鉁?涓?  
55     2026/1/11    缇?       榧? 鐙? 缇? 榫?                    鉁?涓?  
56     2026/1/12    缇?       榧? 鐙? 榫? 鐚?                    鉁?鏈腑  
57     2026/1/13    铔?       榧? 鐙? 榫? 鍏?                    鉁?鏈腑  
58     2026/1/14    榫?       榧? 鐙? 榫? 鍏?                    鉁?涓?  
59     2026/1/15    鐚?       榧? 鐚? 鐙? 鍏?                    鉁?鏈腑  
60     2026/1/16    榧?       榧? 鐚? 鐙? 鍏?                    鉁?涓?  
61     2026/1/17    鐙?       鐚? 鐙? 铏? 鍏?                    鉁?涓?  
62     2026/1/18    鍏?       鐚? 鍏? 铏? 榫?                    鉁?涓?  
63     2026/1/19    鐚?       鐚? 铏? 榧? 楦?                    鉁?涓?  
64     2026/1/20    椹?       铏? 榧? 鐙? 椹?                    鉁?涓?  
65     2026/1/21    榧?       铏? 榧? 鐙? 鍏?                    鉁?涓?  
66     2026/1/22    榧?       铏? 鐙? 鍏? 鐚?                    鉁?鏈腑  
67     2026/1/23    缇?       铏? 鐙? 鍏? 楦?                    鉁?鏈腑  
68     2026/1/24    铏?       铏? 铔? 鐙? 鍏?                    鉁?涓?  
69     2026/1/25    铔?       铔? 鐙? 鍏? 鐚?                    鉁?涓?  
70     2026/1/26    鐚?       鐗? 鍏? 鐙? 鐚?                    鉁?涓?  
71     2026/1/27    楦?       鐗? 铏? 鐙? 鍏?                    鉁?鏈腑  
72     2026/1/28    鍏?       鐗? 鐙? 铏? 鍏?                    鉁?涓?  
73     2026/1/29    铔?       鐗? 鐙? 榫? 铏?                    鉁?鏈腑  
74     2026/1/30    鐗?       鐙? 鐗? 榫? 椹?                    鉁?涓?  
75     2026/1/31    榫?       鐙? 榫? 椹? 鐚?                    鉁?涓?  
76     2026/2/1     榧?       鐙? 椹? 鐚? 铏?                    鉁?鏈腑  
77     2026/2/2     鐗?       椹? 鐚? 鐙? 鐗?                    鉁?涓?  
78     2026/2/3     鐚?       椹? 鐚? 鐙? 榫?                    鉁?鏈腑  
79     2026/2/4     鍏?       椹? 鐚? 鐙? 铏?                    鉁?鏈腑  
80     2026/2/5     铔?       椹? 鐚? 鐙? 铏?                    鉁?鏈腑  
81     2026/2/6     鐚?       椹? 鐚? 鐙? 铏?                    鉁?鏈腑  
82     2026/2/7     榧?       鐙? 椹? 鐚? 铏?                    鉁?鏈腑  
83     2026/2/8     缇?       鐙? 椹? 鐚? 楦?                    鉁?鏈腑  
84     2026/2/9     铏?       鐚? 鐙? 楦? 铏?                    鉁?涓?  
85     2026/2/10    椹?       椹? 鐚? 鐙? 楦?                    鉁?涓?  
86     2026/2/11    铏?       鐚? 鐙? 楦? 榫?                    鉁?鏈腑  
87     2026/2/12    铔?       鐚? 鐙? 楦? 缇?                    鉁?鏈腑  
88     2026/2/13    鐚?       鐚? 鐙? 楦? 榫?                    鉁?鏈腑  
89     2026/2/14    铔?       鐚? 鐙? 榫? 楦?                    鉁?鏈腑  
90     2026/2/15    鍏?       鐚? 鐙? 榫? 楦?                    鉁?鏈腑  
91     2026/2/16    鍏?       鐚? 铔? 铏? 榧?                    鉁?鏈腑  
92     2026/2/17    缇?       铔? 鐚? 铏? 鍏?                    鉁?鏈腑  
93     2026/2/18    椹?       铔? 鍏? 鐚? 铏?                    鉁?鏈腑  
94     2026/2/19    鐚?       鍏? 铔? 铏? 鐚?                    鉁?鏈腑  
95     2026/2/20    椹?       铔? 鍏? 鐚? 椹?                    鉁?涓?  
96     2026/2/21    铔?       鍏? 铔? 椹? 鐚?                    鉁?涓?  
97     2026/2/22    榫?       铔? 椹? 鍏? 缇?                    鉁?鏈腑  
98     2026/2/23    缇?       椹? 铔? 鍏? 缇?                    鉁?涓?  
99     2026/2/24    铔?       铔? 椹? 鍏? 缇?                    鉁?涓?  
100    2026/2/25    缇?       椹? 铔? 缇? 鍏?                    鉁?涓?  
================================================================================

================================================================================
馃搳 姣忔湀鏀剁泭缁熻
================================================================================
2025/08:        +16鍏?
2025/09:        -66鍏?
2025/10:        +56鍏?
2025/11:       +164鍏?
2025/12:       +148鍏?
2026/01:       +424鍏?
2026/02:        -32鍏?
================================================================================

馃挵 2026骞存敹鐩婃眹鎬?
================================================================================
缁熻鏈堜唤: 2涓湀 (2026/01 ~ 2026/02)
鎬绘敹鐩? +392鍏?
鎶曟敞鏈熸暟: 56鏈?
鍛戒腑娆℃暟: 28娆?(50.00%)
鎬绘姇鍏? 896鍏?
鎶曡祫鍥炴姤鐜? +43.75%
================================================================================

鉁?缁熻鍔熻兘娴嬭瘯瀹屾垚锛?
